Release 14.7 - xst P.20131013 (lin64)
Copyright (c) 1995-2013 Xilinx, Inc.  All rights reserved.
--> 
Parameter TMPDIR set to xst/projnav.tmp


Total REAL time to Xst completion: 0.00 secs
Total CPU time to Xst completion: 0.03 secs
 
--> 
Parameter xsthdpdir set to xst


Total REAL time to Xst completion: 0.00 secs
Total CPU time to Xst completion: 0.03 secs
 
--> 
Reading design: main.prj

TABLE OF CONTENTS
  1) Synthesis Options Summary
  2) HDL Parsing
  3) HDL Elaboration
  4) HDL Synthesis
       4.1) HDL Synthesis Report
  5) Advanced HDL Synthesis
       5.1) Advanced HDL Synthesis Report
  6) Low Level Synthesis
  7) Partition Report
  8) Design Summary
       8.1) Primitive and Black Box Usage
       8.2) Device utilization summary
       8.3) Partition Resource Summary
       8.4) Timing Report
            8.4.1) Clock Information
            8.4.2) Asynchronous Control Signals Information
            8.4.3) Timing Summary
            8.4.4) Timing Details
            8.4.5) Cross Clock Domains Report


=========================================================================
*                      Synthesis Options Summary                        *
=========================================================================
---- Source Parameters
Input File Name                    : "main.prj"
Ignore Synthesis Constraint File   : NO

---- Target Parameters
Output File Name                   : "main"
Output Format                      : NGC
Target Device                      : xc7a100t-3-csg324

---- Source Options
Top Module Name                    : main
Automatic FSM Extraction           : YES
FSM Encoding Algorithm             : Auto
Safe Implementation                : No
FSM Style                          : LUT
RAM Extraction                     : Yes
RAM Style                          : Auto
ROM Extraction                     : Yes
Shift Register Extraction          : YES
ROM Style                          : Auto
Resource Sharing                   : YES
Asynchronous To Synchronous        : NO
Shift Register Minimum Size        : 2
Use DSP Block                      : Auto
Automatic Register Balancing       : No

---- Target Options
LUT Combining                      : Auto
Reduce Control Sets                : Auto
Add IO Buffers                     : YES
Global Maximum Fanout              : 100000
Add Generic Clock Buffer(BUFG)     : 32
Register Duplication               : YES
Optimize Instantiated Primitives   : NO
Use Clock Enable                   : Auto
Use Synchronous Set                : Auto
Use Synchronous Reset              : Auto
Pack IO Registers into IOBs        : Auto
Equivalent register Removal        : YES

---- General Options
Optimization Goal                  : Speed
Optimization Effort                : 1
Power Reduction                    : NO
Keep Hierarchy                     : No
Netlist Hierarchy                  : As_Optimized
RTL Output                         : Yes
Global Optimization                : AllClockNets
Read Cores                         : YES
Write Timing Constraints           : NO
Cross Clock Analysis               : NO
Hierarchy Separator                : /
Bus Delimiter                      : <>
Case Specifier                     : Maintain
Slice Utilization Ratio            : 100
BRAM Utilization Ratio             : 100
DSP48 Utilization Ratio            : 100
Auto BRAM Packing                  : NO
Slice Utilization Ratio Delta      : 5

=========================================================================


=========================================================================
*                          HDL Parsing                                  *
=========================================================================
Parsing VHDL file "/home/qc/School/2022-2023/Selected-Topics-On-Hardware-Security/Assignments/2/subterranean2digital/subterranean_absorb_keyed.vhdl" into library work
Parsing entity <x>.
Parsing architecture <Behavioral> of entity <x>.
Parsing entity <x64_61>.
Parsing architecture <Behavioral> of entity <x64_61>.
Parsing entity <chi>.
Parsing architecture <Behavioral> of entity <chi>.
Parsing entity <i>.
Parsing architecture <Behavioral> of entity <i>.
Parsing entity <thetha>.
Parsing architecture <Behavioral> of entity <thetha>.
Parsing entity <pi>.
Parsing architecture <Behavioral> of entity <pi>.
Parsing entity <subterranean_round>.
Parsing architecture <Behavioral> of entity <subterranean_round>.
Parsing entity <subterranean_duplex>.
Parsing architecture <Behavioral> of entity <subterranean_duplex>.
Parsing entity <main>.
Parsing architecture <Behavioral> of entity <main>.

=========================================================================
*                            HDL Elaboration                            *
=========================================================================

Elaborating entity <main> (architecture <Behavioral>) from library <work>.

Elaborating entity <subterranean_duplex> (architecture <Behavioral>) from library <work>.

Elaborating entity <subterranean_round> (architecture <Behavioral>) from library <work>.

Elaborating entity <chi> (architecture <Behavioral>) from library <work>.

Elaborating entity <x64_61> (architecture <Behavioral>) from library <work>.

Elaborating entity <x> (architecture <Behavioral>) from library <work>.

Elaborating entity <i> (architecture <Behavioral>) from library <work>.

Elaborating entity <thetha> (architecture <Behavioral>) from library <work>.

Elaborating entity <pi> (architecture <Behavioral>) from library <work>.

=========================================================================
*                           HDL Synthesis                               *
=========================================================================

Synthesizing Unit <main>.
    Related source file is "/home/qc/School/2022-2023/Selected-Topics-On-Hardware-Security/Assignments/2/subterranean2digital/subterranean_absorb_keyed.vhdl".
    Summary:
	no macro.
Unit <main> synthesized.

Synthesizing Unit <subterranean_duplex>.
    Related source file is "/home/qc/School/2022-2023/Selected-Topics-On-Hardware-Security/Assignments/2/subterranean2digital/subterranean_absorb_keyed.vhdl".
    Summary:
Unit <subterranean_duplex> synthesized.

Synthesizing Unit <subterranean_round>.
    Related source file is "/home/qc/School/2022-2023/Selected-Topics-On-Hardware-Security/Assignments/2/subterranean2digital/subterranean_absorb_keyed.vhdl".
    Summary:
	no macro.
Unit <subterranean_round> synthesized.

Synthesizing Unit <chi>.
    Related source file is "/home/qc/School/2022-2023/Selected-Topics-On-Hardware-Security/Assignments/2/subterranean2digital/subterranean_absorb_keyed.vhdl".
    Summary:
	no macro.
Unit <chi> synthesized.

Synthesizing Unit <x64_61>.
    Related source file is "/home/qc/School/2022-2023/Selected-Topics-On-Hardware-Security/Assignments/2/subterranean2digital/subterranean_absorb_keyed.vhdl".
    Summary:
	no macro.
Unit <x64_61> synthesized.

Synthesizing Unit <x>.
    Related source file is "/home/qc/School/2022-2023/Selected-Topics-On-Hardware-Security/Assignments/2/subterranean2digital/subterranean_absorb_keyed.vhdl".
    Summary:
Unit <x> synthesized.

Synthesizing Unit <i>.
    Related source file is "/home/qc/School/2022-2023/Selected-Topics-On-Hardware-Security/Assignments/2/subterranean2digital/subterranean_absorb_keyed.vhdl".
    Summary:
	no macro.
Unit <i> synthesized.

Synthesizing Unit <thetha>.
    Related source file is "/home/qc/School/2022-2023/Selected-Topics-On-Hardware-Security/Assignments/2/subterranean2digital/subterranean_absorb_keyed.vhdl".
    Summary:
Unit <thetha> synthesized.

Synthesizing Unit <pi>.
    Related source file is "/home/qc/School/2022-2023/Selected-Topics-On-Hardware-Security/Assignments/2/subterranean2digital/subterranean_absorb_keyed.vhdl".
    Summary:
	no macro.
Unit <pi> synthesized.

=========================================================================
HDL Synthesis Report

Macro Statistics
# Xors                                                 : 3212
 1-bit xor2                                            : 3212

=========================================================================

=========================================================================
*                       Advanced HDL Synthesis                          *
=========================================================================


=========================================================================
Advanced HDL Synthesis Report

Macro Statistics
# Xors                                                 : 3212
 1-bit xor2                                            : 3212

=========================================================================

=========================================================================
*                         Low Level Synthesis                           *
=========================================================================

Optimizing unit <main> ...

Optimizing unit <subterranean_duplex> ...

Optimizing unit <chi> ...

Mapping all equations...
Building and optimizing final netlist ...
Found area constraint ratio of 100 (+ 5) on block main, actual ratio is 4.

Final Macro Processing ...

=========================================================================
Final Register Report

Found no macro
=========================================================================

=========================================================================
*                           Partition Report                            *
=========================================================================

Partition Implementation Status
-------------------------------

  No Partitions were found in this design.

-------------------------------

=========================================================================
*                            Design Summary                             *
=========================================================================

Top Level Output File Name         : main.ngc

Primitive and Black Box Usage:
------------------------------
# BELS                             : 2000
#      LUT3                        : 972
#      LUT5                        : 899
#      LUT6                        : 129
# IO Buffers                       : 642
#      IBUF                        : 385
#      OBUF                        : 257

Device utilization summary:
---------------------------

Selected Device : 7a100tcsg324-3 


Slice Logic Utilization: 
 Number of Slice LUTs:                 2000  out of  63400     3%  
    Number used as Logic:              2000  out of  63400     3%  

Slice Logic Distribution: 
 Number of LUT Flip Flop pairs used:   2000
   Number with an unused Flip Flop:    2000  out of   2000   100%  
   Number with an unused LUT:             0  out of   2000     0%  
   Number of fully used LUT-FF pairs:     0  out of   2000     0%  
   Number of unique control sets:         0

IO Utilization: 
 Number of IOs:                         642
 Number of bonded IOBs:                 642  out of    210   305% (*) 

Specific Feature Utilization:

WARNING:Xst:1336 -  (*) More than 100% of Device resources are used

---------------------------
Partition Resource Summary:
---------------------------

  No Partitions were found in this design.

---------------------------


=========================================================================
Timing Report

NOTE: THESE TIMING NUMBERS ARE ONLY A SYNTHESIS ESTIMATE.
      FOR ACCURATE TIMING INFORMATION PLEASE REFER TO THE TRACE REPORT
      GENERATED AFTER PLACE-and-ROUTE.

Clock Information:
------------------
No clock signals found in this design

Asynchronous Control Signals Information:
----------------------------------------
No asynchronous control signals found in this design

Timing Summary:
---------------
Speed Grade: -3

   Minimum period: No path found
   Minimum input arrival time before clock: No path found
   Maximum output required time after clock: No path found
   Maximum combinational path delay: 5.527ns

Timing Details:
---------------
All values displayed in nanoseconds (ns)

=========================================================================
Timing constraint: Default path analysis
  Total number of paths / destination ports: 1711680 / 257
-------------------------------------------------------------------------
Delay:               5.527ns (Levels of Logic = 10)
  Source:            State_in_64_127<5> (PAD)
  Destination:       State_0_63<48> (PAD)

  Data Path: State_in_64_127<5> to State_0_63<48>
                                Gate     Net
    Cell:in->out      fanout   Delay   Delay  Logical Name (Net Name)
    ----------------------------------------  ------------
     IBUF:I->O             3   0.001   0.521  State_in_64_127_5_IBUF (State_in_64_127_5_IBUF)
     LUT3:I0->O            3   0.097   0.693  gate0/gate0/gate0/gate3/gate5/Mxor_o_xo<0>1 (gate0/gate0/s3<5>)
     LUT6:I1->O            3   0.097   0.389  gate0/Dstate_64_127<6>1 (s5<6>)
     LUT3:I1->O            3   0.097   0.693  gate1/gate0/gate0/gate3/gate5/Mxor_o_xo<0>1 (gate1/gate0/s3<5>)
     LUT6:I1->O            3   0.097   0.389  gate1/Dstate_64_127<6>1 (s10<6>)
     LUT3:I1->O            3   0.097   0.693  gate2/gate0/gate0/gate3/gate5/Mxor_o_xo<0>1 (gate2/gate0/s3<5>)
     LUT6:I1->O            3   0.097   0.389  gate2/Dstate_64_127<6>1 (s15<6>)
     LUT3:I1->O            3   0.097   0.703  gate3/gate0/gate0/gate3/gate5/Mxor_o_xo<0>1 (gate3/gate0/s3<5>)
     LUT6:I0->O            1   0.097   0.279  gate3/gate0/s13<62>1 (State_0_63_48_OBUF)
     OBUF:I->O                 0.000          State_0_63_48_OBUF (State_0_63<48>)
    ----------------------------------------
    Total                      5.527ns (0.777ns logic, 4.750ns route)
                                       (14.1% logic, 85.9% route)

=========================================================================

Cross Clock Domains Report:
--------------------------

=========================================================================


Total REAL time to Xst completion: 8.00 secs
Total CPU time to Xst completion: 8.16 secs
 
--> 


Total memory usage is 505896 kilobytes

Number of errors   :    0 (   0 filtered)
Number of warnings :    1 (   0 filtered)
Number of infos    :    0 (   0 filtered)

