Release 14.7 - xst P.20131013 (lin64)
Copyright (c) 1995-2013 Xilinx, Inc.  All rights reserved.
--> 
Parameter TMPDIR set to xst/projnav.tmp


Total REAL time to Xst completion: 0.00 secs
Total CPU time to Xst completion: 0.02 secs
 
--> 
Parameter xsthdpdir set to xst


Total REAL time to Xst completion: 0.00 secs
Total CPU time to Xst completion: 0.02 secs
 
--> 
Reading design: x64_61.prj

TABLE OF CONTENTS
  1) Synthesis Options Summary
  2) HDL Parsing
  3) HDL Elaboration
  4) HDL Synthesis
       4.1) HDL Synthesis Report
  5) Advanced HDL Synthesis
       5.1) Advanced HDL Synthesis Report
  6) Low Level Synthesis
  7) Partition Report
  8) Design Summary
       8.1) Primitive and Black Box Usage
       8.2) Device utilization summary
       8.3) Partition Resource Summary
       8.4) Timing Report
            8.4.1) Clock Information
            8.4.2) Asynchronous Control Signals Information
            8.4.3) Timing Summary
            8.4.4) Timing Details
            8.4.5) Cross Clock Domains Report


=========================================================================
*                      Synthesis Options Summary                        *
=========================================================================
---- Source Parameters
Input File Name                    : "x64_61.prj"
Ignore Synthesis Constraint File   : NO

---- Target Parameters
Output File Name                   : "x64_61"
Output Format                      : NGC
Target Device                      : xc7a100t-3-csg324

---- Source Options
Top Module Name                    : x64_61
Automatic FSM Extraction           : YES
FSM Encoding Algorithm             : Auto
Safe Implementation                : No
FSM Style                          : LUT
RAM Extraction                     : Yes
RAM Style                          : Auto
ROM Extraction                     : Yes
Shift Register Extraction          : YES
ROM Style                          : Auto
Resource Sharing                   : YES
Asynchronous To Synchronous        : NO
Shift Register Minimum Size        : 2
Use DSP Block                      : Auto
Automatic Register Balancing       : No

---- Target Options
LUT Combining                      : Auto
Reduce Control Sets                : Auto
Add IO Buffers                     : YES
Global Maximum Fanout              : 100000
Add Generic Clock Buffer(BUFG)     : 32
Register Duplication               : YES
Optimize Instantiated Primitives   : NO
Use Clock Enable                   : Auto
Use Synchronous Set                : Auto
Use Synchronous Reset              : Auto
Pack IO Registers into IOBs        : Auto
Equivalent register Removal        : YES

---- General Options
Optimization Goal                  : Speed
Optimization Effort                : 1
Power Reduction                    : NO
Keep Hierarchy                     : No
Netlist Hierarchy                  : As_Optimized
RTL Output                         : Yes
Global Optimization                : AllClockNets
Read Cores                         : YES
Write Timing Constraints           : NO
Cross Clock Analysis               : NO
Hierarchy Separator                : /
Bus Delimiter                      : <>
Case Specifier                     : Maintain
Slice Utilization Ratio            : 100
BRAM Utilization Ratio             : 100
DSP48 Utilization Ratio            : 100
Auto BRAM Packing                  : NO
Slice Utilization Ratio Delta      : 5

=========================================================================


=========================================================================
*                          HDL Parsing                                  *
=========================================================================
Parsing VHDL file "/home/qc/School/2022-2023/Selected-Topics-On-Hardware-Security/Assignments/2/subterranean2digital/Subterranean_round.vhdl" into library work
Parsing entity <x>.
Parsing architecture <Behavioral> of entity <x>.
Parsing entity <x64_61>.
Parsing architecture <Behavioral> of entity <x64_61>.
ERROR:HDLCompiler:806 - "/home/qc/School/2022-2023/Selected-Topics-On-Hardware-Security/Assignments/2/subterranean2digital/Subterranean_round.vhdl" Line 534: Syntax error near "is".
ERROR:HDLCompiler:806 - "/home/qc/School/2022-2023/Selected-Topics-On-Hardware-Security/Assignments/2/subterranean2digital/Subterranean_round.vhdl" Line 548: Syntax error near "is".
ERROR:HDLCompiler:806 - "/home/qc/School/2022-2023/Selected-Topics-On-Hardware-Security/Assignments/2/subterranean2digital/Subterranean_round.vhdl" Line 694: Syntax error near "is".
ERROR:HDLCompiler:806 - "/home/qc/School/2022-2023/Selected-Topics-On-Hardware-Security/Assignments/2/subterranean2digital/Subterranean_round.vhdl" Line 708: Syntax error near "is".
ERROR:HDLCompiler:806 - "/home/qc/School/2022-2023/Selected-Topics-On-Hardware-Security/Assignments/2/subterranean2digital/Subterranean_round.vhdl" Line 723: Syntax error near "is".
ERROR:HDLCompiler:806 - "/home/qc/School/2022-2023/Selected-Topics-On-Hardware-Security/Assignments/2/subterranean2digital/Subterranean_round.vhdl" Line 737: Syntax error near "is".
ERROR:HDLCompiler:806 - "/home/qc/School/2022-2023/Selected-Topics-On-Hardware-Security/Assignments/2/subterranean2digital/Subterranean_round.vhdl" Line 1521: Syntax error near "is".
ERROR:HDLCompiler:806 - "/home/qc/School/2022-2023/Selected-Topics-On-Hardware-Security/Assignments/2/subterranean2digital/Subterranean_round.vhdl" Line 1535: Syntax error near "is".
Parsing entity <main>.
ERROR:HDLCompiler:854 - "/home/qc/School/2022-2023/Selected-Topics-On-Hardware-Security/Assignments/2/subterranean2digital/Subterranean_round.vhdl" Line 1800: Unit <main> ignored due to previous errors.
Parsing architecture <Behavioral> of entity <main>.
ERROR:HDLCompiler:374 - "/home/qc/School/2022-2023/Selected-Topics-On-Hardware-Security/Assignments/2/subterranean2digital/Subterranean_round.vhdl" Line 1814: Entity <main> is not yet compiled.
ERROR:HDLCompiler:69 - "/home/qc/School/2022-2023/Selected-Topics-On-Hardware-Security/Assignments/2/subterranean2digital/Subterranean_round.vhdl" Line 1815: <std_logic_vector> is not declared.
ERROR:HDLCompiler:69 - "/home/qc/School/2022-2023/Selected-Topics-On-Hardware-Security/Assignments/2/subterranean2digital/Subterranean_round.vhdl" Line 1816: <std_logic_vector> is not declared.
ERROR:HDLCompiler:69 - "/home/qc/School/2022-2023/Selected-Topics-On-Hardware-Security/Assignments/2/subterranean2digital/Subterranean_round.vhdl" Line 1817: <std_logic_vector> is not declared.
ERROR:HDLCompiler:69 - "/home/qc/School/2022-2023/Selected-Topics-On-Hardware-Security/Assignments/2/subterranean2digital/Subterranean_round.vhdl" Line 1818: <std_logic_vector> is not declared.
ERROR:HDLCompiler:69 - "/home/qc/School/2022-2023/Selected-Topics-On-Hardware-Security/Assignments/2/subterranean2digital/Subterranean_round.vhdl" Line 1819: <std_logic> is not declared.
ERROR:HDLCompiler:69 - "/home/qc/School/2022-2023/Selected-Topics-On-Hardware-Security/Assignments/2/subterranean2digital/Subterranean_round.vhdl" Line 1820: <std_logic_vector> is not declared.
ERROR:HDLCompiler:69 - "/home/qc/School/2022-2023/Selected-Topics-On-Hardware-Security/Assignments/2/subterranean2digital/Subterranean_round.vhdl" Line 1821: <std_logic_vector> is not declared.
ERROR:HDLCompiler:69 - "/home/qc/School/2022-2023/Selected-Topics-On-Hardware-Security/Assignments/2/subterranean2digital/Subterranean_round.vhdl" Line 1822: <std_logic_vector> is not declared.
ERROR:HDLCompiler:69 - "/home/qc/School/2022-2023/Selected-Topics-On-Hardware-Security/Assignments/2/subterranean2digital/Subterranean_round.vhdl" Line 1823: <std_logic_vector> is not declared.
Sorry, too many errors..
--> 


Total memory usage is 345808 kilobytes

Number of errors   :   19 (   0 filtered)
Number of warnings :    0 (   0 filtered)
Number of infos    :    0 (   0 filtered)

